

================================================================
== Vitis HLS Report for 'Distance_Point_Line_Square'
================================================================
* Date:           Thu Dec  5 15:23:41 2024

* Version:        2023.1 (Build 3854077 on May  4 2023)
* Project:        contour_approximation
* Solution:       solution1 (Vivado IP Flow Target)
* Product family: zynq
* Target device:  xc7z020-clg484-1


================================================================
== Performance Estimates
================================================================
+ Timing: 
    * Summary: 
    +--------+----------+----------+------------+
    |  Clock |  Target  | Estimated| Uncertainty|
    +--------+----------+----------+------------+
    |ap_clk  |  10.00 ns|  8.754 ns|        0 ns|
    +--------+----------+----------+------------+

+ Latency: 
    * Summary: 
    +---------+---------+----------+----------+-----+-----+---------+
    |  Latency (cycles) |  Latency (absolute) |  Interval | Pipeline|
    |   min   |   max   |    min   |    max   | min | max |   Type  |
    +---------+---------+----------+----------+-----+-----+---------+
    |       24|       24|  0.240 us|  0.240 us|   24|   24|       no|
    +---------+---------+----------+----------+-----+-----+---------+

    + Detail: 
        * Instance: 
        N/A

        * Loop: 
        N/A

============================================================
+ Verbose Summary: Synthesis Manager
============================================================
InlineROM: 1
ExposeGlobal: 0
============================================================
+ Verbose Summary: CDFG Model
============================================================
IsTopModel: 0
ResetActiveHigh: 1
IsCombinational: 0
IsDatapathOnly: 0
HasWiredReturn: 1
HasMFsm: 0
HasVarLatency: 1
IsPipeline: 0
IsRtlPipelined: 0
IsInstanceOverlapped: 0
IsDontTouch: 0
HasImplIP: 0
IsGatedGlobalClock: 0


============================================================
+ Verbose Summary: Schedule
============================================================
* Number of FSM states : 25
* Pipeline : 0
* Dataflow Pipeline: 0

* FSM state transitions: 
1 --> 2 
2 --> 3 
3 --> 4 
4 --> 5 
5 --> 6 
6 --> 7 
7 --> 8 
8 --> 9 
9 --> 10 
10 --> 11 
11 --> 12 
12 --> 13 
13 --> 14 
14 --> 15 
15 --> 16 
16 --> 17 
17 --> 18 
18 --> 19 
19 --> 20 
20 --> 21 
21 --> 22 
22 --> 23 
23 --> 24 
24 --> 25 
25 --> 

* FSM state operations: 

State 1 <SV = 0> <Delay = 5.70>
ST_1 : Operation 26 [1/1] (0.00ns)   --->   "%l_b_val_read = read i32 @_ssdm_op_Read.ap_auto.float, i32 %l_b_val" [../../C_PROGRAM/3.ContourApproximation/contour_approximation.c:47]   --->   Operation 26 'read' 'l_b_val_read' <Predicate = true> <Delay = 0.00>
ST_1 : Operation 27 [1/1] (0.00ns)   --->   "%l_a_val_read = read i32 @_ssdm_op_Read.ap_auto.float, i32 %l_a_val" [../../C_PROGRAM/3.ContourApproximation/contour_approximation.c:47]   --->   Operation 27 'read' 'l_a_val_read' <Predicate = true> <Delay = 0.00>
ST_1 : Operation 28 [1/1] (0.00ns)   --->   "%p_val_read = read i64 @_ssdm_op_Read.ap_auto.i64, i64 %p_val" [../../C_PROGRAM/3.ContourApproximation/contour_approximation.c:47]   --->   Operation 28 'read' 'p_val_read' <Predicate = true> <Delay = 0.00>
ST_1 : Operation 29 [1/1] (0.00ns)   --->   "%trunc_ln47 = trunc i64 %p_val_read" [../../C_PROGRAM/3.ContourApproximation/contour_approximation.c:47]   --->   Operation 29 'trunc' 'trunc_ln47' <Predicate = true> <Delay = 0.00>
ST_1 : Operation 30 [1/1] (0.00ns)   --->   "%bitcast_ln47 = bitcast i32 %trunc_ln47" [../../C_PROGRAM/3.ContourApproximation/contour_approximation.c:47]   --->   Operation 30 'bitcast' 'bitcast_ln47' <Predicate = true> <Delay = 0.00>
ST_1 : [1/1] (2.06ns)   --->   Input mux for Operation 31 '%mul = fmul i32 %bitcast_ln47, i32 %l_a_val_read'
ST_1 : Operation 31 [4/4] (3.63ns)   --->   "%mul = fmul i32 %bitcast_ln47, i32 %l_a_val_read" [../../C_PROGRAM/3.ContourApproximation/contour_approximation.c:47]   --->   Operation 31 'fmul' 'mul' <Predicate = true> <Delay = 3.63> <CoreInst = "FMul_maxdsp">   --->   Core 30 'FMul_maxdsp' <Latency = 3> <II = 1> <Delay = 5.70> <FuncUnit> <Opcode : 'fmul'> <InPorts = 2> <OutPorts = 1>
ST_1 : Operation 32 [1/1] (0.00ns)   --->   "%trunc_ln47_1 = partselect i32 @_ssdm_op_PartSelect.i32.i64.i32.i32, i64 %p_val_read, i32 32, i32 63" [../../C_PROGRAM/3.ContourApproximation/contour_approximation.c:47]   --->   Operation 32 'partselect' 'trunc_ln47_1' <Predicate = true> <Delay = 0.00>
ST_1 : Operation 33 [1/1] (0.00ns)   --->   "%bitcast_ln47_1 = bitcast i32 %trunc_ln47_1" [../../C_PROGRAM/3.ContourApproximation/contour_approximation.c:47]   --->   Operation 33 'bitcast' 'bitcast_ln47_1' <Predicate = true> <Delay = 0.00>
ST_1 : [1/1] (2.06ns)   --->   Input mux for Operation 34 '%mul1 = fmul i32 %bitcast_ln47_1, i32 %l_b_val_read'
ST_1 : Operation 34 [4/4] (3.63ns)   --->   "%mul1 = fmul i32 %bitcast_ln47_1, i32 %l_b_val_read" [../../C_PROGRAM/3.ContourApproximation/contour_approximation.c:47]   --->   Operation 34 'fmul' 'mul1' <Predicate = true> <Delay = 3.63> <CoreInst = "FMul_maxdsp">   --->   Core 30 'FMul_maxdsp' <Latency = 3> <II = 1> <Delay = 5.70> <FuncUnit> <Opcode : 'fmul'> <InPorts = 2> <OutPorts = 1>
ST_1 : [1/1] (2.06ns)   --->   Input mux for Operation 35 '%mul5 = fmul i32 %l_a_val_read, i32 %l_a_val_read'
ST_1 : Operation 35 [4/4] (3.63ns)   --->   "%mul5 = fmul i32 %l_a_val_read, i32 %l_a_val_read" [../../C_PROGRAM/3.ContourApproximation/contour_approximation.c:48]   --->   Operation 35 'fmul' 'mul5' <Predicate = true> <Delay = 3.63> <CoreInst = "FMul_maxdsp">   --->   Core 30 'FMul_maxdsp' <Latency = 3> <II = 1> <Delay = 5.70> <FuncUnit> <Opcode : 'fmul'> <InPorts = 2> <OutPorts = 1>
ST_1 : [1/1] (2.06ns)   --->   Input mux for Operation 36 '%mul8 = fmul i32 %l_b_val_read, i32 %l_b_val_read'
ST_1 : Operation 36 [4/4] (3.63ns)   --->   "%mul8 = fmul i32 %l_b_val_read, i32 %l_b_val_read" [../../C_PROGRAM/3.ContourApproximation/contour_approximation.c:48]   --->   Operation 36 'fmul' 'mul8' <Predicate = true> <Delay = 3.63> <CoreInst = "FMul_maxdsp">   --->   Core 30 'FMul_maxdsp' <Latency = 3> <II = 1> <Delay = 5.70> <FuncUnit> <Opcode : 'fmul'> <InPorts = 2> <OutPorts = 1>

State 2 <SV = 1> <Delay = 5.70>
ST_2 : Operation 37 [3/4] (5.70ns)   --->   "%mul = fmul i32 %bitcast_ln47, i32 %l_a_val_read" [../../C_PROGRAM/3.ContourApproximation/contour_approximation.c:47]   --->   Operation 37 'fmul' 'mul' <Predicate = true> <Delay = 5.70> <CoreInst = "FMul_maxdsp">   --->   Core 30 'FMul_maxdsp' <Latency = 3> <II = 1> <Delay = 5.70> <FuncUnit> <Opcode : 'fmul'> <InPorts = 2> <OutPorts = 1>
ST_2 : Operation 38 [3/4] (5.70ns)   --->   "%mul1 = fmul i32 %bitcast_ln47_1, i32 %l_b_val_read" [../../C_PROGRAM/3.ContourApproximation/contour_approximation.c:47]   --->   Operation 38 'fmul' 'mul1' <Predicate = true> <Delay = 5.70> <CoreInst = "FMul_maxdsp">   --->   Core 30 'FMul_maxdsp' <Latency = 3> <II = 1> <Delay = 5.70> <FuncUnit> <Opcode : 'fmul'> <InPorts = 2> <OutPorts = 1>
ST_2 : Operation 39 [3/4] (5.70ns)   --->   "%mul5 = fmul i32 %l_a_val_read, i32 %l_a_val_read" [../../C_PROGRAM/3.ContourApproximation/contour_approximation.c:48]   --->   Operation 39 'fmul' 'mul5' <Predicate = true> <Delay = 5.70> <CoreInst = "FMul_maxdsp">   --->   Core 30 'FMul_maxdsp' <Latency = 3> <II = 1> <Delay = 5.70> <FuncUnit> <Opcode : 'fmul'> <InPorts = 2> <OutPorts = 1>
ST_2 : Operation 40 [3/4] (5.70ns)   --->   "%mul8 = fmul i32 %l_b_val_read, i32 %l_b_val_read" [../../C_PROGRAM/3.ContourApproximation/contour_approximation.c:48]   --->   Operation 40 'fmul' 'mul8' <Predicate = true> <Delay = 5.70> <CoreInst = "FMul_maxdsp">   --->   Core 30 'FMul_maxdsp' <Latency = 3> <II = 1> <Delay = 5.70> <FuncUnit> <Opcode : 'fmul'> <InPorts = 2> <OutPorts = 1>

State 3 <SV = 2> <Delay = 5.70>
ST_3 : Operation 41 [2/4] (5.70ns)   --->   "%mul = fmul i32 %bitcast_ln47, i32 %l_a_val_read" [../../C_PROGRAM/3.ContourApproximation/contour_approximation.c:47]   --->   Operation 41 'fmul' 'mul' <Predicate = true> <Delay = 5.70> <CoreInst = "FMul_maxdsp">   --->   Core 30 'FMul_maxdsp' <Latency = 3> <II = 1> <Delay = 5.70> <FuncUnit> <Opcode : 'fmul'> <InPorts = 2> <OutPorts = 1>
ST_3 : Operation 42 [2/4] (5.70ns)   --->   "%mul1 = fmul i32 %bitcast_ln47_1, i32 %l_b_val_read" [../../C_PROGRAM/3.ContourApproximation/contour_approximation.c:47]   --->   Operation 42 'fmul' 'mul1' <Predicate = true> <Delay = 5.70> <CoreInst = "FMul_maxdsp">   --->   Core 30 'FMul_maxdsp' <Latency = 3> <II = 1> <Delay = 5.70> <FuncUnit> <Opcode : 'fmul'> <InPorts = 2> <OutPorts = 1>
ST_3 : Operation 43 [2/4] (5.70ns)   --->   "%mul5 = fmul i32 %l_a_val_read, i32 %l_a_val_read" [../../C_PROGRAM/3.ContourApproximation/contour_approximation.c:48]   --->   Operation 43 'fmul' 'mul5' <Predicate = true> <Delay = 5.70> <CoreInst = "FMul_maxdsp">   --->   Core 30 'FMul_maxdsp' <Latency = 3> <II = 1> <Delay = 5.70> <FuncUnit> <Opcode : 'fmul'> <InPorts = 2> <OutPorts = 1>
ST_3 : Operation 44 [2/4] (5.70ns)   --->   "%mul8 = fmul i32 %l_b_val_read, i32 %l_b_val_read" [../../C_PROGRAM/3.ContourApproximation/contour_approximation.c:48]   --->   Operation 44 'fmul' 'mul8' <Predicate = true> <Delay = 5.70> <CoreInst = "FMul_maxdsp">   --->   Core 30 'FMul_maxdsp' <Latency = 3> <II = 1> <Delay = 5.70> <FuncUnit> <Opcode : 'fmul'> <InPorts = 2> <OutPorts = 1>

State 4 <SV = 3> <Delay = 5.70>
ST_4 : Operation 45 [1/4] (5.70ns)   --->   "%mul = fmul i32 %bitcast_ln47, i32 %l_a_val_read" [../../C_PROGRAM/3.ContourApproximation/contour_approximation.c:47]   --->   Operation 45 'fmul' 'mul' <Predicate = true> <Delay = 5.70> <CoreInst = "FMul_maxdsp">   --->   Core 30 'FMul_maxdsp' <Latency = 3> <II = 1> <Delay = 5.70> <FuncUnit> <Opcode : 'fmul'> <InPorts = 2> <OutPorts = 1>
ST_4 : Operation 46 [1/4] (5.70ns)   --->   "%mul1 = fmul i32 %bitcast_ln47_1, i32 %l_b_val_read" [../../C_PROGRAM/3.ContourApproximation/contour_approximation.c:47]   --->   Operation 46 'fmul' 'mul1' <Predicate = true> <Delay = 5.70> <CoreInst = "FMul_maxdsp">   --->   Core 30 'FMul_maxdsp' <Latency = 3> <II = 1> <Delay = 5.70> <FuncUnit> <Opcode : 'fmul'> <InPorts = 2> <OutPorts = 1>
ST_4 : Operation 47 [1/4] (5.70ns)   --->   "%mul5 = fmul i32 %l_a_val_read, i32 %l_a_val_read" [../../C_PROGRAM/3.ContourApproximation/contour_approximation.c:48]   --->   Operation 47 'fmul' 'mul5' <Predicate = true> <Delay = 5.70> <CoreInst = "FMul_maxdsp">   --->   Core 30 'FMul_maxdsp' <Latency = 3> <II = 1> <Delay = 5.70> <FuncUnit> <Opcode : 'fmul'> <InPorts = 2> <OutPorts = 1>
ST_4 : Operation 48 [1/4] (5.70ns)   --->   "%mul8 = fmul i32 %l_b_val_read, i32 %l_b_val_read" [../../C_PROGRAM/3.ContourApproximation/contour_approximation.c:48]   --->   Operation 48 'fmul' 'mul8' <Predicate = true> <Delay = 5.70> <CoreInst = "FMul_maxdsp">   --->   Core 30 'FMul_maxdsp' <Latency = 3> <II = 1> <Delay = 5.70> <FuncUnit> <Opcode : 'fmul'> <InPorts = 2> <OutPorts = 1>

State 5 <SV = 4> <Delay = 7.25>
ST_5 : [1/1] (1.70ns)   --->   Input mux for Operation 49 '%add = fadd i32 %mul, i32 %mul1'
ST_5 : Operation 49 [5/5] (5.54ns)   --->   "%add = fadd i32 %mul, i32 %mul1" [../../C_PROGRAM/3.ContourApproximation/contour_approximation.c:47]   --->   Operation 49 'fadd' 'add' <Predicate = true> <Delay = 5.54> <CoreInst = "FAddSub_fulldsp">   --->   Core 18 'FAddSub_fulldsp' <Latency = 4> <II = 1> <Delay = 7.25> <FuncUnit> <Opcode : 'fadd' 'fsub'> <InPorts = 2> <OutPorts = 1>
ST_5 : [1/1] (1.70ns)   --->   Input mux for Operation 50 '%add9 = fadd i32 %mul5, i32 %mul8'
ST_5 : Operation 50 [5/5] (5.54ns)   --->   "%add9 = fadd i32 %mul5, i32 %mul8" [../../C_PROGRAM/3.ContourApproximation/contour_approximation.c:48]   --->   Operation 50 'fadd' 'add9' <Predicate = true> <Delay = 5.54> <CoreInst = "FAddSub_fulldsp">   --->   Core 18 'FAddSub_fulldsp' <Latency = 4> <II = 1> <Delay = 7.25> <FuncUnit> <Opcode : 'fadd' 'fsub'> <InPorts = 2> <OutPorts = 1>

State 6 <SV = 5> <Delay = 7.25>
ST_6 : Operation 51 [4/5] (7.25ns)   --->   "%add = fadd i32 %mul, i32 %mul1" [../../C_PROGRAM/3.ContourApproximation/contour_approximation.c:47]   --->   Operation 51 'fadd' 'add' <Predicate = true> <Delay = 7.25> <CoreInst = "FAddSub_fulldsp">   --->   Core 18 'FAddSub_fulldsp' <Latency = 4> <II = 1> <Delay = 7.25> <FuncUnit> <Opcode : 'fadd' 'fsub'> <InPorts = 2> <OutPorts = 1>
ST_6 : Operation 52 [4/5] (7.25ns)   --->   "%add9 = fadd i32 %mul5, i32 %mul8" [../../C_PROGRAM/3.ContourApproximation/contour_approximation.c:48]   --->   Operation 52 'fadd' 'add9' <Predicate = true> <Delay = 7.25> <CoreInst = "FAddSub_fulldsp">   --->   Core 18 'FAddSub_fulldsp' <Latency = 4> <II = 1> <Delay = 7.25> <FuncUnit> <Opcode : 'fadd' 'fsub'> <InPorts = 2> <OutPorts = 1>

State 7 <SV = 6> <Delay = 7.25>
ST_7 : Operation 53 [3/5] (7.25ns)   --->   "%add = fadd i32 %mul, i32 %mul1" [../../C_PROGRAM/3.ContourApproximation/contour_approximation.c:47]   --->   Operation 53 'fadd' 'add' <Predicate = true> <Delay = 7.25> <CoreInst = "FAddSub_fulldsp">   --->   Core 18 'FAddSub_fulldsp' <Latency = 4> <II = 1> <Delay = 7.25> <FuncUnit> <Opcode : 'fadd' 'fsub'> <InPorts = 2> <OutPorts = 1>
ST_7 : Operation 54 [3/5] (7.25ns)   --->   "%add9 = fadd i32 %mul5, i32 %mul8" [../../C_PROGRAM/3.ContourApproximation/contour_approximation.c:48]   --->   Operation 54 'fadd' 'add9' <Predicate = true> <Delay = 7.25> <CoreInst = "FAddSub_fulldsp">   --->   Core 18 'FAddSub_fulldsp' <Latency = 4> <II = 1> <Delay = 7.25> <FuncUnit> <Opcode : 'fadd' 'fsub'> <InPorts = 2> <OutPorts = 1>

State 8 <SV = 7> <Delay = 7.25>
ST_8 : Operation 55 [2/5] (7.25ns)   --->   "%add = fadd i32 %mul, i32 %mul1" [../../C_PROGRAM/3.ContourApproximation/contour_approximation.c:47]   --->   Operation 55 'fadd' 'add' <Predicate = true> <Delay = 7.25> <CoreInst = "FAddSub_fulldsp">   --->   Core 18 'FAddSub_fulldsp' <Latency = 4> <II = 1> <Delay = 7.25> <FuncUnit> <Opcode : 'fadd' 'fsub'> <InPorts = 2> <OutPorts = 1>
ST_8 : Operation 56 [2/5] (7.25ns)   --->   "%add9 = fadd i32 %mul5, i32 %mul8" [../../C_PROGRAM/3.ContourApproximation/contour_approximation.c:48]   --->   Operation 56 'fadd' 'add9' <Predicate = true> <Delay = 7.25> <CoreInst = "FAddSub_fulldsp">   --->   Core 18 'FAddSub_fulldsp' <Latency = 4> <II = 1> <Delay = 7.25> <FuncUnit> <Opcode : 'fadd' 'fsub'> <InPorts = 2> <OutPorts = 1>

State 9 <SV = 8> <Delay = 7.25>
ST_9 : Operation 57 [1/5] (7.25ns)   --->   "%add = fadd i32 %mul, i32 %mul1" [../../C_PROGRAM/3.ContourApproximation/contour_approximation.c:47]   --->   Operation 57 'fadd' 'add' <Predicate = true> <Delay = 7.25> <CoreInst = "FAddSub_fulldsp">   --->   Core 18 'FAddSub_fulldsp' <Latency = 4> <II = 1> <Delay = 7.25> <FuncUnit> <Opcode : 'fadd' 'fsub'> <InPorts = 2> <OutPorts = 1>
ST_9 : Operation 58 [1/5] (7.25ns)   --->   "%add9 = fadd i32 %mul5, i32 %mul8" [../../C_PROGRAM/3.ContourApproximation/contour_approximation.c:48]   --->   Operation 58 'fadd' 'add9' <Predicate = true> <Delay = 7.25> <CoreInst = "FAddSub_fulldsp">   --->   Core 18 'FAddSub_fulldsp' <Latency = 4> <II = 1> <Delay = 7.25> <FuncUnit> <Opcode : 'fadd' 'fsub'> <InPorts = 2> <OutPorts = 1>

State 10 <SV = 9> <Delay = 8.75>
ST_10 : Operation 59 [12/12] (8.75ns)   --->   "%div = fdiv i32 1, i32 %add9" [../../C_PROGRAM/3.ContourApproximation/contour_approximation.c:50]   --->   Operation 59 'fdiv' 'div' <Predicate = true> <Delay = 8.75> <CoreInst = "FDiv">   --->   Core 20 'FDiv' <Latency = 11> <II = 1> <Delay = 8.75> <FuncUnit> <Opcode : 'fdiv' 'frem'> <InPorts = 2> <OutPorts = 1>

State 11 <SV = 10> <Delay = 8.75>
ST_11 : Operation 60 [11/12] (8.75ns)   --->   "%div = fdiv i32 1, i32 %add9" [../../C_PROGRAM/3.ContourApproximation/contour_approximation.c:50]   --->   Operation 60 'fdiv' 'div' <Predicate = true> <Delay = 8.75> <CoreInst = "FDiv">   --->   Core 20 'FDiv' <Latency = 11> <II = 1> <Delay = 8.75> <FuncUnit> <Opcode : 'fdiv' 'frem'> <InPorts = 2> <OutPorts = 1>

State 12 <SV = 11> <Delay = 8.75>
ST_12 : Operation 61 [10/12] (8.75ns)   --->   "%div = fdiv i32 1, i32 %add9" [../../C_PROGRAM/3.ContourApproximation/contour_approximation.c:50]   --->   Operation 61 'fdiv' 'div' <Predicate = true> <Delay = 8.75> <CoreInst = "FDiv">   --->   Core 20 'FDiv' <Latency = 11> <II = 1> <Delay = 8.75> <FuncUnit> <Opcode : 'fdiv' 'frem'> <InPorts = 2> <OutPorts = 1>

State 13 <SV = 12> <Delay = 8.75>
ST_13 : Operation 62 [1/1] (0.00ns)   --->   "%l_c_val_read = read i32 @_ssdm_op_Read.ap_auto.float, i32 %l_c_val" [../../C_PROGRAM/3.ContourApproximation/contour_approximation.c:47]   --->   Operation 62 'read' 'l_c_val_read' <Predicate = true> <Delay = 0.00>
ST_13 : [1/1] (1.70ns)   --->   Input mux for Operation 63 '%temp = fadd i32 %add, i32 %l_c_val_read'
ST_13 : Operation 63 [5/5] (5.54ns)   --->   "%temp = fadd i32 %add, i32 %l_c_val_read" [../../C_PROGRAM/3.ContourApproximation/contour_approximation.c:47]   --->   Operation 63 'fadd' 'temp' <Predicate = true> <Delay = 5.54> <CoreInst = "FAddSub_fulldsp">   --->   Core 18 'FAddSub_fulldsp' <Latency = 4> <II = 1> <Delay = 7.25> <FuncUnit> <Opcode : 'fadd' 'fsub'> <InPorts = 2> <OutPorts = 1>
ST_13 : Operation 64 [9/12] (8.75ns)   --->   "%div = fdiv i32 1, i32 %add9" [../../C_PROGRAM/3.ContourApproximation/contour_approximation.c:50]   --->   Operation 64 'fdiv' 'div' <Predicate = true> <Delay = 8.75> <CoreInst = "FDiv">   --->   Core 20 'FDiv' <Latency = 11> <II = 1> <Delay = 8.75> <FuncUnit> <Opcode : 'fdiv' 'frem'> <InPorts = 2> <OutPorts = 1>

State 14 <SV = 13> <Delay = 8.75>
ST_14 : Operation 65 [4/5] (7.25ns)   --->   "%temp = fadd i32 %add, i32 %l_c_val_read" [../../C_PROGRAM/3.ContourApproximation/contour_approximation.c:47]   --->   Operation 65 'fadd' 'temp' <Predicate = true> <Delay = 7.25> <CoreInst = "FAddSub_fulldsp">   --->   Core 18 'FAddSub_fulldsp' <Latency = 4> <II = 1> <Delay = 7.25> <FuncUnit> <Opcode : 'fadd' 'fsub'> <InPorts = 2> <OutPorts = 1>
ST_14 : Operation 66 [8/12] (8.75ns)   --->   "%div = fdiv i32 1, i32 %add9" [../../C_PROGRAM/3.ContourApproximation/contour_approximation.c:50]   --->   Operation 66 'fdiv' 'div' <Predicate = true> <Delay = 8.75> <CoreInst = "FDiv">   --->   Core 20 'FDiv' <Latency = 11> <II = 1> <Delay = 8.75> <FuncUnit> <Opcode : 'fdiv' 'frem'> <InPorts = 2> <OutPorts = 1>

State 15 <SV = 14> <Delay = 8.75>
ST_15 : Operation 67 [3/5] (7.25ns)   --->   "%temp = fadd i32 %add, i32 %l_c_val_read" [../../C_PROGRAM/3.ContourApproximation/contour_approximation.c:47]   --->   Operation 67 'fadd' 'temp' <Predicate = true> <Delay = 7.25> <CoreInst = "FAddSub_fulldsp">   --->   Core 18 'FAddSub_fulldsp' <Latency = 4> <II = 1> <Delay = 7.25> <FuncUnit> <Opcode : 'fadd' 'fsub'> <InPorts = 2> <OutPorts = 1>
ST_15 : Operation 68 [7/12] (8.75ns)   --->   "%div = fdiv i32 1, i32 %add9" [../../C_PROGRAM/3.ContourApproximation/contour_approximation.c:50]   --->   Operation 68 'fdiv' 'div' <Predicate = true> <Delay = 8.75> <CoreInst = "FDiv">   --->   Core 20 'FDiv' <Latency = 11> <II = 1> <Delay = 8.75> <FuncUnit> <Opcode : 'fdiv' 'frem'> <InPorts = 2> <OutPorts = 1>

State 16 <SV = 15> <Delay = 8.75>
ST_16 : Operation 69 [2/5] (7.25ns)   --->   "%temp = fadd i32 %add, i32 %l_c_val_read" [../../C_PROGRAM/3.ContourApproximation/contour_approximation.c:47]   --->   Operation 69 'fadd' 'temp' <Predicate = true> <Delay = 7.25> <CoreInst = "FAddSub_fulldsp">   --->   Core 18 'FAddSub_fulldsp' <Latency = 4> <II = 1> <Delay = 7.25> <FuncUnit> <Opcode : 'fadd' 'fsub'> <InPorts = 2> <OutPorts = 1>
ST_16 : Operation 70 [6/12] (8.75ns)   --->   "%div = fdiv i32 1, i32 %add9" [../../C_PROGRAM/3.ContourApproximation/contour_approximation.c:50]   --->   Operation 70 'fdiv' 'div' <Predicate = true> <Delay = 8.75> <CoreInst = "FDiv">   --->   Core 20 'FDiv' <Latency = 11> <II = 1> <Delay = 8.75> <FuncUnit> <Opcode : 'fdiv' 'frem'> <InPorts = 2> <OutPorts = 1>

State 17 <SV = 16> <Delay = 8.75>
ST_17 : Operation 71 [1/5] (7.25ns)   --->   "%temp = fadd i32 %add, i32 %l_c_val_read" [../../C_PROGRAM/3.ContourApproximation/contour_approximation.c:47]   --->   Operation 71 'fadd' 'temp' <Predicate = true> <Delay = 7.25> <CoreInst = "FAddSub_fulldsp">   --->   Core 18 'FAddSub_fulldsp' <Latency = 4> <II = 1> <Delay = 7.25> <FuncUnit> <Opcode : 'fadd' 'fsub'> <InPorts = 2> <OutPorts = 1>
ST_17 : Operation 72 [5/12] (8.75ns)   --->   "%div = fdiv i32 1, i32 %add9" [../../C_PROGRAM/3.ContourApproximation/contour_approximation.c:50]   --->   Operation 72 'fdiv' 'div' <Predicate = true> <Delay = 8.75> <CoreInst = "FDiv">   --->   Core 20 'FDiv' <Latency = 11> <II = 1> <Delay = 8.75> <FuncUnit> <Opcode : 'fdiv' 'frem'> <InPorts = 2> <OutPorts = 1>

State 18 <SV = 17> <Delay = 8.75>
ST_18 : Operation 73 [4/12] (8.75ns)   --->   "%div = fdiv i32 1, i32 %add9" [../../C_PROGRAM/3.ContourApproximation/contour_approximation.c:50]   --->   Operation 73 'fdiv' 'div' <Predicate = true> <Delay = 8.75> <CoreInst = "FDiv">   --->   Core 20 'FDiv' <Latency = 11> <II = 1> <Delay = 8.75> <FuncUnit> <Opcode : 'fdiv' 'frem'> <InPorts = 2> <OutPorts = 1>
ST_18 : [1/1] (2.06ns)   --->   Input mux for Operation 74 '%mul2 = fmul i32 %temp, i32 %temp'
ST_18 : Operation 74 [4/4] (3.63ns)   --->   "%mul2 = fmul i32 %temp, i32 %temp" [../../C_PROGRAM/3.ContourApproximation/contour_approximation.c:50]   --->   Operation 74 'fmul' 'mul2' <Predicate = true> <Delay = 3.63> <CoreInst = "FMul_maxdsp">   --->   Core 30 'FMul_maxdsp' <Latency = 3> <II = 1> <Delay = 5.70> <FuncUnit> <Opcode : 'fmul'> <InPorts = 2> <OutPorts = 1>

State 19 <SV = 18> <Delay = 8.75>
ST_19 : Operation 75 [3/12] (8.75ns)   --->   "%div = fdiv i32 1, i32 %add9" [../../C_PROGRAM/3.ContourApproximation/contour_approximation.c:50]   --->   Operation 75 'fdiv' 'div' <Predicate = true> <Delay = 8.75> <CoreInst = "FDiv">   --->   Core 20 'FDiv' <Latency = 11> <II = 1> <Delay = 8.75> <FuncUnit> <Opcode : 'fdiv' 'frem'> <InPorts = 2> <OutPorts = 1>
ST_19 : Operation 76 [3/4] (5.70ns)   --->   "%mul2 = fmul i32 %temp, i32 %temp" [../../C_PROGRAM/3.ContourApproximation/contour_approximation.c:50]   --->   Operation 76 'fmul' 'mul2' <Predicate = true> <Delay = 5.70> <CoreInst = "FMul_maxdsp">   --->   Core 30 'FMul_maxdsp' <Latency = 3> <II = 1> <Delay = 5.70> <FuncUnit> <Opcode : 'fmul'> <InPorts = 2> <OutPorts = 1>

State 20 <SV = 19> <Delay = 8.75>
ST_20 : Operation 77 [2/12] (8.75ns)   --->   "%div = fdiv i32 1, i32 %add9" [../../C_PROGRAM/3.ContourApproximation/contour_approximation.c:50]   --->   Operation 77 'fdiv' 'div' <Predicate = true> <Delay = 8.75> <CoreInst = "FDiv">   --->   Core 20 'FDiv' <Latency = 11> <II = 1> <Delay = 8.75> <FuncUnit> <Opcode : 'fdiv' 'frem'> <InPorts = 2> <OutPorts = 1>
ST_20 : Operation 78 [2/4] (5.70ns)   --->   "%mul2 = fmul i32 %temp, i32 %temp" [../../C_PROGRAM/3.ContourApproximation/contour_approximation.c:50]   --->   Operation 78 'fmul' 'mul2' <Predicate = true> <Delay = 5.70> <CoreInst = "FMul_maxdsp">   --->   Core 30 'FMul_maxdsp' <Latency = 3> <II = 1> <Delay = 5.70> <FuncUnit> <Opcode : 'fmul'> <InPorts = 2> <OutPorts = 1>

State 21 <SV = 20> <Delay = 8.75>
ST_21 : Operation 79 [1/12] (8.75ns)   --->   "%div = fdiv i32 1, i32 %add9" [../../C_PROGRAM/3.ContourApproximation/contour_approximation.c:50]   --->   Operation 79 'fdiv' 'div' <Predicate = true> <Delay = 8.75> <CoreInst = "FDiv">   --->   Core 20 'FDiv' <Latency = 11> <II = 1> <Delay = 8.75> <FuncUnit> <Opcode : 'fdiv' 'frem'> <InPorts = 2> <OutPorts = 1>
ST_21 : Operation 80 [1/4] (5.70ns)   --->   "%mul2 = fmul i32 %temp, i32 %temp" [../../C_PROGRAM/3.ContourApproximation/contour_approximation.c:50]   --->   Operation 80 'fmul' 'mul2' <Predicate = true> <Delay = 5.70> <CoreInst = "FMul_maxdsp">   --->   Core 30 'FMul_maxdsp' <Latency = 3> <II = 1> <Delay = 5.70> <FuncUnit> <Opcode : 'fmul'> <InPorts = 2> <OutPorts = 1>

State 22 <SV = 21> <Delay = 5.70>
ST_22 : [1/1] (2.06ns)   --->   Input mux for Operation 81 '%dist_square = fmul i32 %mul2, i32 %div'
ST_22 : Operation 81 [4/4] (3.63ns)   --->   "%dist_square = fmul i32 %mul2, i32 %div" [../../C_PROGRAM/3.ContourApproximation/contour_approximation.c:50]   --->   Operation 81 'fmul' 'dist_square' <Predicate = true> <Delay = 3.63> <CoreInst = "FMul_maxdsp">   --->   Core 30 'FMul_maxdsp' <Latency = 3> <II = 1> <Delay = 5.70> <FuncUnit> <Opcode : 'fmul'> <InPorts = 2> <OutPorts = 1>

State 23 <SV = 22> <Delay = 5.70>
ST_23 : Operation 82 [3/4] (5.70ns)   --->   "%dist_square = fmul i32 %mul2, i32 %div" [../../C_PROGRAM/3.ContourApproximation/contour_approximation.c:50]   --->   Operation 82 'fmul' 'dist_square' <Predicate = true> <Delay = 5.70> <CoreInst = "FMul_maxdsp">   --->   Core 30 'FMul_maxdsp' <Latency = 3> <II = 1> <Delay = 5.70> <FuncUnit> <Opcode : 'fmul'> <InPorts = 2> <OutPorts = 1>

State 24 <SV = 23> <Delay = 5.70>
ST_24 : Operation 83 [2/4] (5.70ns)   --->   "%dist_square = fmul i32 %mul2, i32 %div" [../../C_PROGRAM/3.ContourApproximation/contour_approximation.c:50]   --->   Operation 83 'fmul' 'dist_square' <Predicate = true> <Delay = 5.70> <CoreInst = "FMul_maxdsp">   --->   Core 30 'FMul_maxdsp' <Latency = 3> <II = 1> <Delay = 5.70> <FuncUnit> <Opcode : 'fmul'> <InPorts = 2> <OutPorts = 1>

State 25 <SV = 24> <Delay = 5.70>
ST_25 : Operation 84 [1/4] (5.70ns)   --->   "%dist_square = fmul i32 %mul2, i32 %div" [../../C_PROGRAM/3.ContourApproximation/contour_approximation.c:50]   --->   Operation 84 'fmul' 'dist_square' <Predicate = true> <Delay = 5.70> <CoreInst = "FMul_maxdsp">   --->   Core 30 'FMul_maxdsp' <Latency = 3> <II = 1> <Delay = 5.70> <FuncUnit> <Opcode : 'fmul'> <InPorts = 2> <OutPorts = 1>
ST_25 : Operation 85 [1/1] (0.00ns)   --->   "%ret_ln52 = ret i32 %dist_square" [../../C_PROGRAM/3.ContourApproximation/contour_approximation.c:52]   --->   Operation 85 'ret' 'ret_ln52' <Predicate = true> <Delay = 0.00>


============================================================
+ Verbose Summary: Timing violations
============================================================
Target clock period: 10.000ns, clock uncertainty: 0.000ns.

 <State 1>: 5.702ns
The critical path consists of the following:
	wire read operation ('l_a_val_read', ../../C_PROGRAM/3.ContourApproximation/contour_approximation.c:47) on port 'l_a_val' (../../C_PROGRAM/3.ContourApproximation/contour_approximation.c:47) [7]  (0.000 ns)
	multiplexor before operation 'fmul' with delay (2.065 ns)
'fmul' operation ('mul', ../../C_PROGRAM/3.ContourApproximation/contour_approximation.c:47) [11]  (3.637 ns)

 <State 2>: 5.702ns
The critical path consists of the following:
	'fmul' operation ('mul', ../../C_PROGRAM/3.ContourApproximation/contour_approximation.c:47) [11]  (5.702 ns)

 <State 3>: 5.702ns
The critical path consists of the following:
	'fmul' operation ('mul', ../../C_PROGRAM/3.ContourApproximation/contour_approximation.c:47) [11]  (5.702 ns)

 <State 4>: 5.702ns
The critical path consists of the following:
	'fmul' operation ('mul', ../../C_PROGRAM/3.ContourApproximation/contour_approximation.c:47) [11]  (5.702 ns)

 <State 5>: 7.256ns
The critical path consists of the following:
	multiplexor before operation 'fadd' with delay (1.707 ns)
'fadd' operation ('add', ../../C_PROGRAM/3.ContourApproximation/contour_approximation.c:47) [15]  (5.549 ns)

 <State 6>: 7.256ns
The critical path consists of the following:
	'fadd' operation ('add', ../../C_PROGRAM/3.ContourApproximation/contour_approximation.c:47) [15]  (7.256 ns)

 <State 7>: 7.256ns
The critical path consists of the following:
	'fadd' operation ('add', ../../C_PROGRAM/3.ContourApproximation/contour_approximation.c:47) [15]  (7.256 ns)

 <State 8>: 7.256ns
The critical path consists of the following:
	'fadd' operation ('add', ../../C_PROGRAM/3.ContourApproximation/contour_approximation.c:47) [15]  (7.256 ns)

 <State 9>: 7.256ns
The critical path consists of the following:
	'fadd' operation ('add', ../../C_PROGRAM/3.ContourApproximation/contour_approximation.c:47) [15]  (7.256 ns)

 <State 10>: 8.754ns
The critical path consists of the following:
	'fdiv' operation ('div', ../../C_PROGRAM/3.ContourApproximation/contour_approximation.c:50) [20]  (8.754 ns)

 <State 11>: 8.754ns
The critical path consists of the following:
	'fdiv' operation ('div', ../../C_PROGRAM/3.ContourApproximation/contour_approximation.c:50) [20]  (8.754 ns)

 <State 12>: 8.754ns
The critical path consists of the following:
	'fdiv' operation ('div', ../../C_PROGRAM/3.ContourApproximation/contour_approximation.c:50) [20]  (8.754 ns)

 <State 13>: 8.754ns
The critical path consists of the following:
	'fdiv' operation ('div', ../../C_PROGRAM/3.ContourApproximation/contour_approximation.c:50) [20]  (8.754 ns)

 <State 14>: 8.754ns
The critical path consists of the following:
	'fdiv' operation ('div', ../../C_PROGRAM/3.ContourApproximation/contour_approximation.c:50) [20]  (8.754 ns)

 <State 15>: 8.754ns
The critical path consists of the following:
	'fdiv' operation ('div', ../../C_PROGRAM/3.ContourApproximation/contour_approximation.c:50) [20]  (8.754 ns)

 <State 16>: 8.754ns
The critical path consists of the following:
	'fdiv' operation ('div', ../../C_PROGRAM/3.ContourApproximation/contour_approximation.c:50) [20]  (8.754 ns)

 <State 17>: 8.754ns
The critical path consists of the following:
	'fdiv' operation ('div', ../../C_PROGRAM/3.ContourApproximation/contour_approximation.c:50) [20]  (8.754 ns)

 <State 18>: 8.754ns
The critical path consists of the following:
	'fdiv' operation ('div', ../../C_PROGRAM/3.ContourApproximation/contour_approximation.c:50) [20]  (8.754 ns)

 <State 19>: 8.754ns
The critical path consists of the following:
	'fdiv' operation ('div', ../../C_PROGRAM/3.ContourApproximation/contour_approximation.c:50) [20]  (8.754 ns)

 <State 20>: 8.754ns
The critical path consists of the following:
	'fdiv' operation ('div', ../../C_PROGRAM/3.ContourApproximation/contour_approximation.c:50) [20]  (8.754 ns)

 <State 21>: 8.754ns
The critical path consists of the following:
	'fdiv' operation ('div', ../../C_PROGRAM/3.ContourApproximation/contour_approximation.c:50) [20]  (8.754 ns)

 <State 22>: 5.702ns
The critical path consists of the following:
	multiplexor before operation 'fmul' with delay (2.065 ns)
'fmul' operation ('dist_square', ../../C_PROGRAM/3.ContourApproximation/contour_approximation.c:50) [22]  (3.637 ns)

 <State 23>: 5.702ns
The critical path consists of the following:
	'fmul' operation ('dist_square', ../../C_PROGRAM/3.ContourApproximation/contour_approximation.c:50) [22]  (5.702 ns)

 <State 24>: 5.702ns
The critical path consists of the following:
	'fmul' operation ('dist_square', ../../C_PROGRAM/3.ContourApproximation/contour_approximation.c:50) [22]  (5.702 ns)

 <State 25>: 5.702ns
The critical path consists of the following:
	'fmul' operation ('dist_square', ../../C_PROGRAM/3.ContourApproximation/contour_approximation.c:50) [22]  (5.702 ns)


============================================================
+ Verbose Summary: Binding
============================================================
N/A
* FSMD analyzer results:
  - Output states:
 - Input state : 
  - Chain level:
	State 1
	State 2
	State 3
	State 4
	State 5
	State 6
	State 7
	State 8
	State 9
	State 10
	State 11
	State 12
	State 13
	State 14
	State 15
	State 16
	State 17
	State 18
	State 19
	State 20
	State 21
	State 22
	State 23
	State 24
	State 25


============================================================
+ Verbose Summary: Datapath Resource usage 
============================================================
N/A
