#-----------------------------------------------------------
# Vivado v2023.1 (64-bit)
# SW Build 3865809 on Sun May  7 15:04:56 MDT 2023
# IP Build 3864474 on Sun May  7 20:36:21 MDT 2023
# SharedData Build 3865790 on Sun May 07 13:33:03 MDT 2023
# Start of session at: Wed Dec 10 10:11:13 2025
# Process ID: 765927
# Current directory: /home/dell3561-49/Obj_Detect_TCL/Obj_Detect/Obj_Detect.runs/design_1_auto_pc_1_synth_1
# Command line: vivado -log design_1_auto_pc_1.vds -product Vivado -mode batch -messageDb vivado.pb -notrace -source design_1_auto_pc_1.tcl
# Log file: /home/dell3561-49/Obj_Detect_TCL/Obj_Detect/Obj_Detect.runs/design_1_auto_pc_1_synth_1/design_1_auto_pc_1.vds
# Journal file: /home/dell3561-49/Obj_Detect_TCL/Obj_Detect/Obj_Detect.runs/design_1_auto_pc_1_synth_1/vivado.jou
# Running On: dell3561-49, OS: Linux, CPU Frequency: 4000.000 MHz, CPU Physical cores: 6, Host memory: 16483 MB
#-----------------------------------------------------------
source design_1_auto_pc_1.tcl -notrace
