#-----------------------------------------------------------
# xsim v2023.1 (64-bit)
# SW Build 3865809 on Sun May  7 15:04:56 MDT 2023
# IP Build 3864474 on Sun May  7 20:36:21 MDT 2023
# SharedData Build 3865790 on Sun May 07 13:33:03 MDT 2023
# Start of session at: Thu Dec  5 15:31:07 2024
# Process ID: 44624
# Current directory: /home/dell3561-49/Vitis_HLS_folder/Contour_approximation/contour_approximation/solution1/sim/vhdl
# Command line: xsim -mode tcl -source {xsim.dir/ContourApproximation/xsim_script.tcl}
# Log file: /home/dell3561-49/Vitis_HLS_folder/Contour_approximation/contour_approximation/solution1/sim/vhdl/xsim.log
# Journal file: /home/dell3561-49/Vitis_HLS_folder/Contour_approximation/contour_approximation/solution1/sim/vhdl/xsim.jou
# Running On: dell3561-49, OS: Linux, CPU Frequency: 3736.417 MHz, CPU Physical cores: 6, Host memory: 16483 MB
#-----------------------------------------------------------
source xsim.dir/ContourApproximation/xsim_script.tcl
source ContourApproximation.tcl
