

================================================================
== Vitis HLS Report for 'MeanShiftFiltering'
================================================================
* Date:           Wed Jul  2 16:23:44 2025

* Version:        2023.1 (Build 3854077 on May  4 2023)
* Project:        MeanShiftFilter
* Solution:       solution1 (Vivado IP Flow Target)
* Product family: zynq
* Target device:  xc7z020-clg484-1


================================================================
== Performance Estimates
================================================================
+ Timing: 
    * Summary: 
    +--------+----------+----------+------------+
    |  Clock |  Target  | Estimated| Uncertainty|
    +--------+----------+----------+------------+
    |ap_clk  |  10.00 ns|  8.867 ns|     0.50 ns|
    +--------+----------+----------+------------+

+ Latency: 
    * Summary: 
    +---------+---------+----------+----------+-----+-----+---------+
    |  Latency (cycles) |  Latency (absolute) |  Interval | Pipeline|
    |   min   |   max   |    min   |    max   | min | max |   Type  |
    +---------+---------+----------+----------+-----+-----+---------+
    |        ?|        ?|         ?|         ?|    ?|    ?|       no|
    +---------+---------+----------+----------+-----+-----+---------+

    + Detail: 
        * Instance: 
        N/A

        * Loop: 
        +--------------------------+---------+---------+-------------+-----------+-----------+---------+----------+
        |                          |  Latency (cycles) |  Iteration  |  Initiation Interval  |   Trip  |          |
        |         Loop Name        |   min   |   max   |   Latency   |  achieved |   target  |  Count  | Pipelined|
        +--------------------------+---------+---------+-------------+-----------+-----------+---------+----------+
        |- height_loop             |        ?|        ?|            ?|          -|          -|        ?|        no|
        | + width_loop             |        ?|        ?|            ?|          -|          -|        ?|        no|
        |  ++ do_while_loop        |        ?|        ?|  39 ~ 455490|          -|          -|        ?|        no|
        |   +++ VITIS_LOOP_28_1    |        7|   455429|     8 ~ 1786|          -|          -|  0 ~ 255|        no|
        |    ++++ VITIS_LOOP_29_2  |        6|     1784|            7|          -|          -|  0 ~ 255|        no|
        +--------------------------+---------+---------+-------------+-----------+-----------+---------+----------+



================================================================
== Utilization Estimates
================================================================
* Summary: 
+-----------------+---------+-----+--------+-------+-----+
|       Name      | BRAM_18K| DSP |   FF   |  LUT  | URAM|
+-----------------+---------+-----+--------+-------+-----+
|DSP              |        -|    -|       -|      -|    -|
|Expression       |        -|    -|       0|   1987|    -|
|FIFO             |        -|    -|       -|      -|    -|
|Instance         |        -|   18|     901|   1934|    -|
|Memory           |        -|    -|       -|      -|    -|
|Multiplexer      |        -|    -|       -|    871|    -|
|Register         |        -|    -|    1629|      -|    -|
+-----------------+---------+-----+--------+-------+-----+
|Total            |        0|   18|    2530|   4792|    0|
+-----------------+---------+-----+--------+-------+-----+
|Available        |      280|  220|  106400|  53200|    0|
+-----------------+---------+-----+--------+-------+-----+
|Utilization (%)  |        0|    8|       2|      9|    0|
+-----------------+---------+-----+--------+-------+-----+

+ Detail: 
    * Instance: 
    +---------------------------------------+------------------------------------+---------+----+-----+-----+-----+
    |                Instance               |               Module               | BRAM_18K| DSP|  FF | LUT | URAM|
    +---------------------------------------+------------------------------------+---------+----+-----+-----+-----+
    |fadd_32ns_32ns_32_5_full_dsp_1_U3      |fadd_32ns_32ns_32_5_full_dsp_1      |        0|   2|  205|  390|    0|
    |faddfsub_32ns_32ns_32_5_full_dsp_1_U1  |faddfsub_32ns_32ns_32_5_full_dsp_1  |        0|   2|  205|  390|    0|
    |faddfsub_32ns_32ns_32_5_full_dsp_1_U2  |faddfsub_32ns_32ns_32_5_full_dsp_1  |        0|   2|  205|  390|    0|
    |fcmp_32ns_32ns_1_2_no_dsp_1_U13        |fcmp_32ns_32ns_1_2_no_dsp_1         |        0|   0|    0|    0|    0|
    |fdiv_32ns_32ns_32_12_no_dsp_1_U6       |fdiv_32ns_32ns_32_12_no_dsp_1       |        0|   0|    0|    0|    0|
    |fdiv_32ns_32ns_32_12_no_dsp_1_U7       |fdiv_32ns_32ns_32_12_no_dsp_1       |        0|   0|    0|    0|    0|
    |fdiv_32ns_32ns_32_12_no_dsp_1_U8       |fdiv_32ns_32ns_32_12_no_dsp_1       |        0|   0|    0|    0|    0|
    |fmul_32ns_32ns_32_4_max_dsp_1_U4       |fmul_32ns_32ns_32_4_max_dsp_1       |        0|   3|  143|  321|    0|
    |fmul_32ns_32ns_32_4_max_dsp_1_U5       |fmul_32ns_32ns_32_4_max_dsp_1       |        0|   3|  143|  321|    0|
    |mul_32s_32s_32_1_1_U14                 |mul_32s_32s_32_1_1                  |        0|   3|    0|   20|    0|
    |mul_32s_32s_32_1_1_U15                 |mul_32s_32s_32_1_1                  |        0|   3|    0|   20|    0|
    |mul_8s_8s_16_1_1_U16                   |mul_8s_8s_16_1_1                    |        0|   0|    0|   41|    0|
    |mul_8s_8s_16_1_1_U17                   |mul_8s_8s_16_1_1                    |        0|   0|    0|   41|    0|
    |sitofp_32s_32_5_no_dsp_1_U12           |sitofp_32s_32_5_no_dsp_1            |        0|   0|    0|    0|    0|
    |uitofp_32ns_32_5_no_dsp_1_U9           |uitofp_32ns_32_5_no_dsp_1           |        0|   0|    0|    0|    0|
    |uitofp_32ns_32_5_no_dsp_1_U10          |uitofp_32ns_32_5_no_dsp_1           |        0|   0|    0|    0|    0|
    |uitofp_32ns_32_5_no_dsp_1_U11          |uitofp_32ns_32_5_no_dsp_1           |        0|   0|    0|    0|    0|
    +---------------------------------------+------------------------------------+---------+----+-----+-----+-----+
    |Total                                  |                                    |        0|  18|  901| 1934|    0|
    +---------------------------------------+------------------------------------+---------+----+-----+-----+-----+

    * DSP: 
    N/A

    * Memory: 
    N/A

    * FIFO: 
    N/A

    * Expression: 
    +--------------------------+----------+----+---+-----+------------+------------+
    |       Variable Name      | Operation| DSP| FF| LUT | Bitwidth P0| Bitwidth P1|
    +--------------------------+----------+----+---+-----+------------+------------+
    |add_ln14_fu_603_p2        |         +|   0|  0|   14|           9|           1|
    |add_ln15_fu_645_p2        |         +|   0|  0|   39|          32|           1|
    |add_ln31_fu_742_p2        |         +|   0|  0|   39|          32|          32|
    |add_ln346_1_fu_1087_p2    |         +|   0|  0|   14|           9|           8|
    |add_ln346_2_fu_1184_p2    |         +|   0|  0|   14|           9|           8|
    |add_ln346_fu_990_p2       |         +|   0|  0|   14|           9|           8|
    |dx_2_fu_798_p2            |         +|   0|  0|   39|          32|           1|
    |dy_fu_843_p2              |         +|   0|  0|   39|          32|           1|
    |iter_numb_1_fu_655_p2     |         +|   0|  0|   15|           8|           1|
    |pixel_cnt_2_fu_809_p2     |         +|   0|  0|   15|           8|           1|
    |y_2_fu_634_p2             |         +|   0|  0|   39|          32|           1|
    |dy_3_fu_577_p2            |         -|   0|  0|   14|           1|           9|
    |sub_ln71_1_fu_1101_p2     |         -|   0|  0|   15|           7|           8|
    |sub_ln71_2_fu_1198_p2     |         -|   0|  0|   15|           7|           8|
    |sub_ln71_fu_1004_p2       |         -|   0|  0|   15|           7|           8|
    |and_ln49_1_fu_720_p2      |       and|   0|  0|    2|           1|           1|
    |and_ln49_fu_714_p2        |       and|   0|  0|    2|           1|           1|
    |and_ln75_fu_908_p2        |       and|   0|  0|    2|           1|           1|
    |cmp1833_fu_597_p2         |      icmp|   0|  0|   14|           9|           9|
    |icmp_ln14_fu_629_p2       |      icmp|   0|  0|   39|          32|          32|
    |icmp_ln15_fu_640_p2       |      icmp|   0|  0|   39|          32|          32|
    |icmp_ln28_fu_849_p2       |      icmp|   0|  0|   39|          32|          32|
    |icmp_ln29_fu_804_p2       |      icmp|   0|  0|   39|          32|          32|
    |icmp_ln31_fu_746_p2       |      icmp|   0|  0|   39|          32|          32|
    |icmp_ln38_fu_732_p2       |      icmp|   0|  0|   39|          32|          32|
    |icmp_ln49_1_fu_700_p2     |      icmp|   0|  0|   30|          23|           1|
    |icmp_ln49_2_fu_670_p2     |      icmp|   0|  0|   15|           8|           2|
    |icmp_ln49_3_fu_620_p2     |      icmp|   0|  0|   30|          23|           1|
    |icmp_ln49_fu_694_p2       |      icmp|   0|  0|   15|           8|           2|
    |icmp_ln57_fu_854_p2       |      icmp|   0|  0|   15|           8|           1|
    |icmp_ln75_1_fu_887_p2     |      icmp|   0|  0|   15|           8|           2|
    |icmp_ln75_2_fu_893_p2     |      icmp|   0|  0|   30|          23|           1|
    |icmp_ln75_fu_865_p2       |      icmp|   0|  0|   15|           8|           8|
    |ult45_fu_737_p2           |      icmp|   0|  0|   39|          32|          32|
    |lshr_ln71_1_fu_1126_p2    |      lshr|   0|  0|  163|          55|          55|
    |lshr_ln71_2_fu_1223_p2    |      lshr|   0|  0|  163|          55|          55|
    |lshr_ln71_fu_1029_p2      |      lshr|   0|  0|  163|          55|          55|
    |or_ln38_fu_751_p2         |        or|   0|  0|   32|          32|          32|
    |or_ln49_1_fu_710_p2       |        or|   0|  0|    2|           1|           1|
    |or_ln49_2_fu_770_p2       |        or|   0|  0|    2|           1|           1|
    |or_ln49_3_fu_776_p2       |        or|   0|  0|    2|           1|           1|
    |or_ln49_4_fu_786_p2       |        or|   0|  0|    2|           1|           1|
    |or_ln49_5_fu_792_p2       |        or|   0|  0|    2|           1|           1|
    |or_ln49_fu_706_p2         |        or|   0|  0|    2|           1|           1|
    |or_ln75_1_fu_904_p2       |        or|   0|  0|    2|           1|           1|
    |or_ln75_fu_914_p2         |        or|   0|  0|    2|           1|           1|
    |pixel_cnt_3_fu_815_p3     |    select|   0|  0|    8|           1|           8|
    |select_ln71_1_fu_1063_p3  |    select|   0|  0|    8|           1|           8|
    |select_ln71_2_fu_1110_p3  |    select|   0|  0|    9|           1|           9|
    |select_ln71_3_fu_1160_p3  |    select|   0|  0|    8|           1|           8|
    |select_ln71_4_fu_1207_p3  |    select|   0|  0|    9|           1|           9|
    |select_ln71_fu_1013_p3    |    select|   0|  0|    9|           1|           9|
    |sum_b_3_fu_836_p3         |    select|   0|  0|   32|           1|          32|
    |sum_g_3_fu_829_p3         |    select|   0|  0|   32|           1|          32|
    |sum_r_3_fu_822_p3         |    select|   0|  0|   32|           1|          32|
    |val_fu_1257_p3            |    select|   0|  0|    8|           1|           8|
    |shl_ln71_1_fu_1132_p2     |       shl|   0|  0|  163|          55|          55|
    |shl_ln71_2_fu_1229_p2     |       shl|   0|  0|  163|          55|          55|
    |shl_ln71_fu_1035_p2       |       shl|   0|  0|  163|          55|          55|
    |rev46_fu_781_p2           |       xor|   0|  0|    2|           1|           2|
    |xor_ln38_fu_765_p2        |       xor|   0|  0|    2|           1|           2|
    |xor_ln49_fu_726_p2        |       xor|   0|  0|    2|           2|           1|
    |xor_ln75_fu_899_p2        |       xor|   0|  0|    2|           1|           2|
    +--------------------------+----------+----+---+-----+------------+------------+
    |Total                     |          |   0|  0| 1987|         964|         882|
    +--------------------------+----------+----+---+-----+------------+------------+

    * Multiplexer: 
    +---------------------------+-----+-----------+-----+-----------+
    |            Name           | LUT | Input Size| Bits| Total Bits|
    +---------------------------+-----+-----------+-----+-----------+
    |CENTER_b_1_reg_386         |    9|          2|   32|         64|
    |CENTER_b_2_reg_186         |    9|          2|   32|         64|
    |CENTER_g_1_reg_375         |    9|          2|   32|         64|
    |CENTER_g_2_reg_176         |    9|          2|   32|         64|
    |CENTER_r_1_reg_397         |    9|          2|   32|         64|
    |CENTER_r_2_reg_196         |    9|          2|   32|         64|
    |ap_NS_fsm                  |  426|         84|    1|         84|
    |dx_1_reg_275               |    9|          2|   32|         64|
    |dy_1_reg_217               |    9|          2|   32|         64|
    |grp_fu_408_opcode          |   14|          3|    2|          6|
    |grp_fu_408_p0              |   48|          9|   32|        288|
    |grp_fu_408_p1              |   42|          8|   32|        256|
    |grp_fu_413_opcode          |   14|          3|    2|          6|
    |grp_fu_413_p0              |   25|          5|   32|        160|
    |grp_fu_413_p1              |   25|          5|   32|        160|
    |grp_fu_421_p0              |   14|          3|   32|         96|
    |grp_fu_421_p1              |   14|          3|   32|         96|
    |grp_fu_466_p0              |   14|          3|   32|         96|
    |grp_fu_469_opcode          |   14|          3|    5|         15|
    |grp_fu_469_p1              |   14|          3|   32|         96|
    |iter_numb_reg_206          |    9|          2|    8|         16|
    |pixel_cnt_0_lcssa_reg_328  |    9|          2|    8|         16|
    |pixel_cnt_1_reg_318        |    9|          2|    8|         16|
    |pixel_cnt_reg_263          |    9|          2|    8|         16|
    |sum_b_0_lcssa_reg_363      |    9|          2|   32|         64|
    |sum_b_1_reg_285            |    9|          2|   32|         64|
    |sum_b_reg_227              |    9|          2|   32|         64|
    |sum_g_0_lcssa_reg_351      |    9|          2|   32|         64|
    |sum_g_1_reg_296            |    9|          2|   32|         64|
    |sum_g_reg_239              |    9|          2|   32|         64|
    |sum_r_0_lcssa_reg_339      |    9|          2|   32|         64|
    |sum_r_1_reg_307            |    9|          2|   32|         64|
    |sum_r_reg_251              |    9|          2|   32|         64|
    |x_reg_165                  |    9|          2|   32|         64|
    |y_fu_118                   |    9|          2|   32|         64|
    +---------------------------+-----+-----------+-----+-----------+
    |Total                      |  871|        178|  906|       2639|
    +---------------------------+-----+-----------+-----+-----------+

    * Register: 
    +---------------------------+----+----+-----+-----------+
    |            Name           | FF | LUT| Bits| Const Bits|
    +---------------------------+----+----+-----+-----------+
    |CENTER_b_1_reg_386         |  32|   0|   32|          0|
    |CENTER_b_2_reg_186         |  32|   0|   32|          0|
    |CENTER_b_3_reg_1346        |  32|   0|   32|          0|
    |CENTER_g_1_reg_375         |  32|   0|   32|          0|
    |CENTER_g_2_reg_176         |  32|   0|   32|          0|
    |CENTER_g_3_reg_1353        |  32|   0|   32|          0|
    |CENTER_r_1_reg_397         |  32|   0|   32|          0|
    |CENTER_r_2_reg_196         |  32|   0|   32|          0|
    |CENTER_r_3_reg_1360        |  32|   0|   32|          0|
    |MEAN_b_reg_1518            |  32|   0|   32|          0|
    |MEAN_g_reg_1525            |  32|   0|   32|          0|
    |MEAN_r_reg_1532            |  32|   0|   32|          0|
    |add_ln15_reg_1394          |  32|   0|   32|          0|
    |ap_CS_fsm                  |  83|   0|   83|          0|
    |bitcast_ln49_1_reg_1373    |  32|   0|   32|          0|
    |cmp1833_reg_1342           |   1|   0|    1|          0|
    |conv1_reg_1308             |  32|   0|   32|          0|
    |conv_reg_1511              |  32|   0|   32|          0|
    |dx_1_reg_275               |  32|   0|   32|          0|
    |dx_2_reg_1453              |  32|   0|   32|          0|
    |dy_1_reg_217               |  32|   0|   32|          0|
    |dy_3_cast_reg_1331         |  32|   0|   32|          0|
    |icmp_ln29_reg_1458         |   1|   0|    1|          0|
    |icmp_ln38_reg_1435         |   1|   0|    1|          0|
    |icmp_ln49_1_reg_1415       |   1|   0|    1|          0|
    |icmp_ln49_2_reg_1405       |   1|   0|    1|          0|
    |icmp_ln49_3_reg_1378       |   1|   0|    1|          0|
    |icmp_ln49_reg_1410         |   1|   0|    1|          0|
    |icmp_ln75_1_reg_1539       |   1|   0|    1|          0|
    |icmp_ln75_2_reg_1544       |   1|   0|    1|          0|
    |icmp_ln75_reg_1506         |   1|   0|    1|          0|
    |iter_numb_1_reg_1399       |   8|   0|    8|          0|
    |iter_numb_reg_206          |   8|   0|    8|          0|
    |mul283_reg_1430            |  32|   0|   32|          0|
    |mul33_cast_reg_1337        |  32|   0|   32|          0|
    |mul77_reg_1283             |  16|   0|   16|          0|
    |mul_ln31_reg_1425          |  32|   0|   32|          0|
    |or_ln49_5_reg_1445         |   1|   0|    1|          0|
    |pixel_cnt_0_lcssa_reg_328  |   8|   0|    8|          0|
    |pixel_cnt_1_reg_318        |   8|   0|    8|          0|
    |pixel_cnt_3_reg_1462       |   8|   0|    8|          0|
    |pixel_cnt_reg_263          |   8|   0|    8|          0|
    |reg_486                    |  32|   0|   32|          0|
    |reg_494                    |  32|   0|   32|          0|
    |reg_500                    |  32|   0|   32|          0|
    |reg_506                    |  32|   0|   32|          0|
    |sext_ln49_reg_1367         |  32|   0|   32|          0|
    |sum_b_0_lcssa_reg_363      |  32|   0|   32|          0|
    |sum_b_1_reg_285            |  32|   0|   32|          0|
    |sum_b_3_reg_1483           |  32|   0|   32|          0|
    |sum_b_reg_227              |  32|   0|   32|          0|
    |sum_g_0_lcssa_reg_351      |  32|   0|   32|          0|
    |sum_g_1_reg_296            |  32|   0|   32|          0|
    |sum_g_3_reg_1476           |  32|   0|   32|          0|
    |sum_g_reg_239              |  32|   0|   32|          0|
    |sum_r_0_lcssa_reg_339      |  32|   0|   32|          0|
    |sum_r_1_reg_307            |  32|   0|   32|          0|
    |sum_r_3_reg_1469           |  32|   0|   32|          0|
    |sum_r_reg_251              |  32|   0|   32|          0|
    |trunc_ln371_1_reg_1569     |  23|   0|   23|          0|
    |trunc_ln371_2_reg_1580     |  23|   0|   23|          0|
    |trunc_ln371_reg_1558       |  23|   0|   23|          0|
    |ult45_reg_1440             |   1|   0|    1|          0|
    |x_reg_165                  |  32|   0|   32|          0|
    |xor_ln49_reg_1420          |   1|   0|    1|          0|
    |xs_exp_1_reg_1563          |   8|   0|    8|          0|
    |xs_exp_2_reg_1574          |   8|   0|    8|          0|
    |xs_exp_reg_1552            |   8|   0|    8|          0|
    |y_2_reg_1386               |  32|   0|   32|          0|
    |y_fu_118                   |  32|   0|   32|          0|
    +---------------------------+----+----+-----+-----------+
    |Total                      |1629|   0| 1629|          0|
    +---------------------------+----+----+-----+-----------+



================================================================
== Interface
================================================================
* Summary: 
+--------------+-----+-----+------------+--------------------+--------------+
|   RTL Ports  | Dir | Bits|  Protocol  |    Source Object   |    C Type    |
+--------------+-----+-----+------------+--------------------+--------------+
|ap_clk        |   in|    1|  ap_ctrl_hs|  MeanShiftFiltering|  return value|
|ap_rst        |   in|    1|  ap_ctrl_hs|  MeanShiftFiltering|  return value|
|ap_start      |   in|    1|  ap_ctrl_hs|  MeanShiftFiltering|  return value|
|ap_done       |  out|    1|  ap_ctrl_hs|  MeanShiftFiltering|  return value|
|ap_idle       |  out|    1|  ap_ctrl_hs|  MeanShiftFiltering|  return value|
|ap_ready      |  out|    1|  ap_ctrl_hs|  MeanShiftFiltering|  return value|
|ap_return     |  out|    8|  ap_ctrl_hs|  MeanShiftFiltering|  return value|
|in_r          |   in|   24|     ap_none|                in_r|       pointer|
|out_r         |  out|   24|      ap_vld|               out_r|       pointer|
|out_r_ap_vld  |  out|    1|      ap_vld|               out_r|       pointer|
|ImageWidth    |   in|   32|     ap_none|          ImageWidth|        scalar|
|ImageHeight   |   in|   32|     ap_none|         ImageHeight|        scalar|
|sd            |   in|    8|     ap_none|                  sd|        scalar|
|cd            |   in|    8|     ap_none|                  cd|        scalar|
|max_iter      |   in|    8|     ap_none|            max_iter|        scalar|
+--------------+-----+-----+------------+--------------------+--------------+

