

================================================================
== Vitis HLS Report for 'Distance_Point_Line_Square'
================================================================
* Date:           Thu Dec  5 15:29:02 2024

* Version:        2023.1 (Build 3854077 on May  4 2023)
* Project:        contour_approximation
* Solution:       solution1 (Vivado IP Flow Target)
* Product family: zynq
* Target device:  xc7z020-clg484-1


================================================================
== Performance Estimates
================================================================
+ Timing: 
    * Summary: 
    +--------+----------+----------+------------+
    |  Clock |  Target  | Estimated| Uncertainty|
    +--------+----------+----------+------------+
    |ap_clk  |  10.00 ns|  8.754 ns|        0 ns|
    +--------+----------+----------+------------+

+ Latency: 
    * Summary: 
    +---------+---------+----------+----------+-----+-----+---------+
    |  Latency (cycles) |  Latency (absolute) |  Interval | Pipeline|
    |   min   |   max   |    min   |    max   | min | max |   Type  |
    +---------+---------+----------+----------+-----+-----+---------+
    |       24|       24|  0.240 us|  0.240 us|   24|   24|       no|
    +---------+---------+----------+----------+-----+-----+---------+

    + Detail: 
        * Instance: 
        N/A

        * Loop: 
        N/A



================================================================
== Utilization Estimates
================================================================
* Summary: 
+-----------------+---------+-----+--------+-------+-----+
|       Name      | BRAM_18K| DSP |   FF   |  LUT  | URAM|
+-----------------+---------+-----+--------+-------+-----+
|DSP              |        -|    -|       -|      -|    -|
|Expression       |        -|    -|       -|      -|    -|
|FIFO             |        -|    -|       -|      -|    -|
|Instance         |        -|   16|     982|   2064|    -|
|Memory           |        -|    -|       -|      -|    -|
|Multiplexer      |        -|    -|       -|    194|    -|
|Register         |        -|    -|     281|      -|    -|
+-----------------+---------+-----+--------+-------+-----+
|Total            |        0|   16|    1263|   2258|    0|
+-----------------+---------+-----+--------+-------+-----+
|Available        |      280|  220|  106400|  53200|    0|
+-----------------+---------+-----+--------+-------+-----+
|Utilization (%)  |        0|    7|       1|      4|    0|
+-----------------+---------+-----+--------+-------+-----+

+ Detail: 
    * Instance: 
    +------------------------------------+--------------------------------+---------+----+-----+-----+-----+
    |              Instance              |             Module             | BRAM_18K| DSP|  FF | LUT | URAM|
    +------------------------------------+--------------------------------+---------+----+-----+-----+-----+
    |fadd_32ns_32ns_32_5_full_dsp_1_U13  |fadd_32ns_32ns_32_5_full_dsp_1  |        0|   2|  205|  390|    0|
    |fadd_32ns_32ns_32_5_full_dsp_1_U14  |fadd_32ns_32ns_32_5_full_dsp_1  |        0|   2|  205|  390|    0|
    |fdiv_32ns_32ns_32_12_no_dsp_1_U19   |fdiv_32ns_32ns_32_12_no_dsp_1   |        0|   0|    0|    0|    0|
    |fmul_32ns_32ns_32_4_max_dsp_1_U15   |fmul_32ns_32ns_32_4_max_dsp_1   |        0|   3|  143|  321|    0|
    |fmul_32ns_32ns_32_4_max_dsp_1_U16   |fmul_32ns_32ns_32_4_max_dsp_1   |        0|   3|  143|  321|    0|
    |fmul_32ns_32ns_32_4_max_dsp_1_U17   |fmul_32ns_32ns_32_4_max_dsp_1   |        0|   3|  143|  321|    0|
    |fmul_32ns_32ns_32_4_max_dsp_1_U18   |fmul_32ns_32ns_32_4_max_dsp_1   |        0|   3|  143|  321|    0|
    +------------------------------------+--------------------------------+---------+----+-----+-----+-----+
    |Total                               |                                |        0|  16|  982| 2064|    0|
    +------------------------------------+--------------------------------+---------+----+-----+-----+-----+

    * DSP: 
    N/A

    * Memory: 
    N/A

    * FIFO: 
    N/A

    * Expression: 
    N/A

    * Multiplexer: 
    +--------------+-----+-----------+-----+-----------+
    |     Name     | LUT | Input Size| Bits| Total Bits|
    +--------------+-----+-----------+-----+-----------+
    |ap_NS_fsm     |  117|         26|    1|         26|
    |ap_return     |    9|          2|   32|         64|
    |grp_fu_44_p0  |   14|          3|   32|         96|
    |grp_fu_44_p1  |   14|          3|   32|         96|
    |grp_fu_53_p0  |   20|          4|   32|        128|
    |grp_fu_53_p1  |   20|          4|   32|        128|
    +--------------+-----+-----------+-----+-----------+
    |Total         |  194|         42|  161|        538|
    +--------------+-----+-----------+-----+-----------+

    * Register: 
    +----------------+----+----+-----+-----------+
    |      Name      | FF | LUT| Bits| Const Bits|
    +----------------+----+----+-----+-----------+
    |add9_reg_156    |  32|   0|   32|          0|
    |ap_CS_fsm       |  25|   0|   25|          0|
    |ap_return_preg  |  32|   0|   32|          0|
    |div_reg_166     |  32|   0|   32|          0|
    |mul1_reg_141    |  32|   0|   32|          0|
    |mul5_reg_146    |  32|   0|   32|          0|
    |mul8_reg_151    |  32|   0|   32|          0|
    |reg_80          |  32|   0|   32|          0|
    |reg_86          |  32|   0|   32|          0|
    +----------------+----+----+-----+-----------+
    |Total           | 281|   0|  281|          0|
    +----------------+----+----+-----+-----------+



================================================================
== Interface
================================================================
* Summary: 
+-----------+-----+-----+------------+----------------------------+--------------+
| RTL Ports | Dir | Bits|  Protocol  |        Source Object       |    C Type    |
+-----------+-----+-----+------------+----------------------------+--------------+
|ap_clk     |   in|    1|  ap_ctrl_hs|  Distance_Point_Line_Square|  return value|
|ap_rst     |   in|    1|  ap_ctrl_hs|  Distance_Point_Line_Square|  return value|
|ap_start   |   in|    1|  ap_ctrl_hs|  Distance_Point_Line_Square|  return value|
|ap_done    |  out|    1|  ap_ctrl_hs|  Distance_Point_Line_Square|  return value|
|ap_idle    |  out|    1|  ap_ctrl_hs|  Distance_Point_Line_Square|  return value|
|ap_ready   |  out|    1|  ap_ctrl_hs|  Distance_Point_Line_Square|  return value|
|ap_return  |  out|   32|  ap_ctrl_hs|  Distance_Point_Line_Square|  return value|
|p_val      |   in|   64|     ap_none|                       p_val|        scalar|
|l_a_val    |   in|   32|     ap_none|                     l_a_val|        scalar|
|l_b_val    |   in|   32|     ap_none|                     l_b_val|        scalar|
|l_c_val    |   in|   32|     ap_none|                     l_c_val|        scalar|
+-----------+-----+-----+------------+----------------------------+--------------+

